2026-05-02T19:34:25 | INFO     | run=reconstruct-smoke-Ldvo-20260503T023425Z event=run_started pid=641597 | pipeline run started
2026-05-02T19:34:25 | INFO     | run=reconstruct-smoke-Ldvo-20260503T023425Z stage=reconstruct event=stage_started pid=641597 | stages: starting reconstruct
2026-05-02T19:34:26 | ERROR    | run=reconstruct-smoke-Ldvo-20260503T023425Z event=run_failed pid=641597 | pipeline run failed
Traceback (most recent call last):
  File "/mnt/disk15tb/adamm/dev/pkgs/axon_reconstructor/src/axon_recon/pipeline/cli.py", line 429, in main
    rc = int(handler(args))
             ^^^^^^^^^^^^^
  File "/mnt/disk15tb/adamm/dev/pkgs/axon_reconstructor/src/axon_recon/pipeline/cli.py", line 376, in _run_stage_sequence_from_args
    rc = int(handler(nested_args))
             ^^^^^^^^^^^^^^^^^^^^
  File "/mnt/disk15tb/adamm/dev/pkgs/axon_reconstructor/src/axon_recon/pipeline/stages/reconstruct/cli.py", line 136, in _run_from_args
    run_reconstruct_from_runtime(
  File "/mnt/disk15tb/adamm/dev/pkgs/axon_reconstructor/src/axon_recon/pipeline/runner.py", line 2608, in run_reconstruct_from_runtime
    return _run_reconstruct_substage_from_runtime(
           ^^^^^^^^^^^^^^^^^^^^^^^^^^^^^^^^^^^^^^^
  File "/mnt/disk15tb/adamm/dev/pkgs/axon_reconstructor/src/axon_recon/pipeline/runner.py", line 2508, in _run_reconstruct_substage_from_runtime
    bundle: PipelineRuntimeBundle = load_pipeline_runtime_bundle(config_path=config_path)
                                    ^^^^^^^^^^^^^^^^^^^^^^^^^^^^^^^^^^^^^^^^^^^^^^^^^^^^^
  File "/mnt/disk15tb/adamm/dev/pkgs/axon_reconstructor/src/axon_recon/pipeline/config.py", line 114, in load_pipeline_runtime_bundle
    data_cfg = RuntimeConfig.load(data_cfg_path)
               ^^^^^^^^^^^^^^^^^^^^^^^^^^^^^^^^^
  File "/mnt/disk15tb/adamm/dev/pkgs/axon_reconstructor/src/axon_recon/runtime_config.py", line 18, in load
    raise FileNotFoundError(f"Runtime config not found: {p}")
FileNotFoundError: Runtime config not found: /tmp/debug.data.yml
2026-05-02T19:34:26 | CRITICAL | run=reconstruct-smoke-Ldvo-20260503T023425Z event=run_failed pid=641597 | uncaught exception
Traceback (most recent call last):
  File "<frozen runpy>", line 198, in _run_module_as_main
  File "<frozen runpy>", line 88, in _run_code
  File "/mnt/disk15tb/adamm/dev/pkgs/axon_reconstructor/src/axon_recon/pipeline/cli.py", line 444, in <module>
    raise SystemExit(main())
                     ^^^^^^
  File "/mnt/disk15tb/adamm/dev/pkgs/axon_reconstructor/src/axon_recon/pipeline/cli.py", line 429, in main
    rc = int(handler(args))
             ^^^^^^^^^^^^^
  File "/mnt/disk15tb/adamm/dev/pkgs/axon_reconstructor/src/axon_recon/pipeline/cli.py", line 376, in _run_stage_sequence_from_args
    rc = int(handler(nested_args))
             ^^^^^^^^^^^^^^^^^^^^
  File "/mnt/disk15tb/adamm/dev/pkgs/axon_reconstructor/src/axon_recon/pipeline/stages/reconstruct/cli.py", line 136, in _run_from_args
    run_reconstruct_from_runtime(
  File "/mnt/disk15tb/adamm/dev/pkgs/axon_reconstructor/src/axon_recon/pipeline/runner.py", line 2608, in run_reconstruct_from_runtime
    return _run_reconstruct_substage_from_runtime(
           ^^^^^^^^^^^^^^^^^^^^^^^^^^^^^^^^^^^^^^^
  File "/mnt/disk15tb/adamm/dev/pkgs/axon_reconstructor/src/axon_recon/pipeline/runner.py", line 2508, in _run_reconstruct_substage_from_runtime
    bundle: PipelineRuntimeBundle = load_pipeline_runtime_bundle(config_path=config_path)
                                    ^^^^^^^^^^^^^^^^^^^^^^^^^^^^^^^^^^^^^^^^^^^^^^^^^^^^^
  File "/mnt/disk15tb/adamm/dev/pkgs/axon_reconstructor/src/axon_recon/pipeline/config.py", line 114, in load_pipeline_runtime_bundle
    data_cfg = RuntimeConfig.load(data_cfg_path)
               ^^^^^^^^^^^^^^^^^^^^^^^^^^^^^^^^^
  File "/mnt/disk15tb/adamm/dev/pkgs/axon_reconstructor/src/axon_recon/runtime_config.py", line 18, in load
    raise FileNotFoundError(f"Runtime config not found: {p}")
FileNotFoundError: Runtime config not found: /tmp/debug.data.yml
